Access Log Summary
============

TOTAL # OF ENTRIES: 1546
===========================================================
Client					Conn.		Errors
===========================================================
lj1089.inktomisearch.com                          	1	0
lj1168.inktomisearch.com                          	1	0
dialup-5-81.tulane.edu                            	5	0
pc3-registry-stockholm.telia.net                  	13	0
wc09.mtnk.rnc.net.cable.rogers.com                	3	0
2-110.cnc.bc.ca                                   	11	0
12.22.207.235                                     	1	0
208-38-57-205.ip.cal.radiant.net                  	11	0
200-55-104-193.dsl.prima.net.ar                   	13	0
h24-68-45-227.gv.shawcable.net                    	3	0
grandpa.mmlc.northwestern.edu                     	2	0
ts04-ip92.hevanet.com                             	28	0
acbf6930.ipt.aol.com                              	2	0
h24-70-69-74.ca.shawcable.net                     	32	0
ip68-228-43-49.tc.ph.cox.net                      	22	0
mail.geovariances.fr                              	23	0
lj1025.inktomisearch.com                          	1	0
ns.mou.cz                                         	1	0
lj1117.inktomisearch.com                          	3	0
200.160.249.68.bmf.com.br                         	2	0
68-174-110-154.nyc.rr.com                         	3	0
64.242.88.10                                      	452	112
lj1000.inktomisearch.com                          	1	0
pool-68-160-195-60.ny325.east.verizon.net         	5	0
wc03.mtnk.rnc.net.cable.rogers.com                	1	0
lj1162.inktomisearch.com                          	2	0
1-729.cnc.bc.ca                                   	7	0
alille-251-1-2-197.w82-124.abo.wanadoo.fr         	1	0
lj1156.inktomisearch.com                          	2	0
spica.ukc.ac.uk                                   	2	0
a213-84-36-192.adsl.xs4all.nl                     	1	0
cr020r01-3.sac.overture.com                       	44	6
lj1052.inktomisearch.com                          	1	0
lj1090.inktomisearch.com                          	1	0
lhr003a.dhl.com                                   	13	0
d97082.upc-d.chello.nl                            	1	0
4.37.97.186                                       	1	0
market-mail.panduit.com                           	29	1
64.246.94.152                                     	1	0
92-moc-6.acn.waw.pl                               	3	0
203.147.138.233                                   	13	0
pd9e50809.dip.t-dialin.net                        	1	0
lj1007.inktomisearch.com                          	1	0
lj1105.inktomisearch.com                          	1	0
207.195.59.160                                    	20	1
0x503e4fce.virnxx2.adsl-dhcp.tele.dk              	3	0
lj1216.inktomisearch.com                          	1	0
64-93-34-186.client.dsl.net                       	1	0
3_343_lt_someone                                  	10	0
lj1008.inktomisearch.com                          	3	0
lj1027.inktomisearch.com                          	2	0
mcl02.cnc.bc.ca                                   	4	0
p5083cd5d.dip0.t-ipconnect.de                     	1	0
lj1125.inktomisearch.com                          	3	0
lj1223.inktomisearch.com                          	2	0
crawl24-public.alexa.com                          	9	0
calcite.rhyolite.com                              	4	0
206-15-133-154.dialup.ziplink.net                 	1	0
rouble.cc.strath.ac.uk                            	1	0
cacher2-ext.wise.edt.ericsson.se                  	1	0
lj1053.inktomisearch.com                          	1	0
archserve.id.ucsb.edu                             	2	0
145.253.208.9                                     	7	0
lj1164.inktomisearch.com                          	2	0
80-219-148-207.dclient.hispeed.ch                 	1	0
67.131.107.5                                      	3	0
osdlab.eic.nctu.edu.tw                            	1	1
watchguard.cgmatane.qc.ca                         	2	0
home.yeungs.net                                   	1	0
mmscrm07-2.sac.overture.com                       	3	0
216-160-111-121.tukw.qwest.net                    	12	0
trrc02m01-40.bctel.ca                             	4	0
ic8234.upco.es                                    	4	0
wwwcache.lanl.gov                                 	1	0
1513.cps.virtua.com.br                            	1	1
ladybug.cns.vt.edu                                	5	0
fw1.millardref.com                                	7	0
proxy0.haifa.ac.il                                	19	0
219.95.17.51                                      	1	0
80.58.33.42.proxycache.rima-tde.net               	3	0
h194n2fls308o1033.telia.com                       	1	0
c-411472d5.04-138-73746f22.cust.bredbandsbolaget.se	1	0
fw.aub.dk                                         	2	0
lj1028.inktomisearch.com                          	1	0
lj1145.inktomisearch.com                          	4	0
jacksonproject.cnc.bc.ca                          	8	0
1-320.cnc.bc.ca                                   	4	0
pd95f99f2.dip.t-dialin.net                        	1	0
66-194-6-70.gen.twtelecom.net                     	3	0
lj1120.inktomisearch.com                          	1	0
lj1073.inktomisearch.com                          	2	0
ts05-ip44.hevanet.com                             	16	0
lj1048.inktomisearch.com                          	5	0
bh02i525f01.au.ibm.com                            	1	0
lj1212.inktomisearch.com                          	1	0
adsl-64-173-42-65.dsl.snfc21.pacbell.net          	1	0
80.58.14.235.proxycache.rima-tde.net              	4	0
lj1231.inktomisearch.com                          	1	0
206-15-133-181.dialup.ziplink.net                 	1	0
61.9.4.61                                         	3	2
200.222.33.33                                     	1	0
lj1159.inktomisearch.com                          	1	0
80.58.35.111.proxycache.rima-tde.net              	1	0
px7wh.vc.shawcable.net                            	1	0
ip-200-56-225-61-mty.marcatel.net.mx              	1	0
66-194-6-71.gen.twtelecom.net                     	1	0
194.151.73.43                                     	4	0
lj1061.inktomisearch.com                          	1	0
user-0c8hdkf.cable.mindspring.com                 	5	0
212.92.37.62                                      	14	0
mth-fgw.ballarat.edu.au                           	7	0
195.230.181.122                                   	1	0
195.246.13.119                                    	12	1
213.181.81.4                                      	1	0
64-249-27-114.client.dsl.net                      	1	0
ns.wtbts.org                                      	12	0
vlp181.vlp.fi                                     	1	0
h24-71-249-14.ca.shawcable.net                    	6	0
195.11.231.210                                    	1	0
spot.nnacorp.com                                  	5	0
ns3.vonroll.ch                                    	3	0
cpe-203-51-137-224.vic.bigpond.net.au             	10	0
lj1016.inktomisearch.com                          	1	0
pntn02m05-129.bctel.ca                            	1	0
64.246.94.141                                     	1	0
prxint-sxb3.e-i.net                               	14	1
216.139.185.45                                    	1	0
c-24-11-14-147.client.comcast.net                 	2	0
128.227.88.79                                     	14	0
2-238.cnc.bc.ca                                   	1	0
dsl-80-43-113-44.access.uk.tiscali.com            	3	0
p213.54.168.132.tisdip.tiscali.de                 	12	1
ipcorp-c8b07af1.terraempresas.com.br              	1	0
d207-6-50-215.bchsia.telus.net                    	1	0
ogw.netinfo.bg                                    	19	0
korell2.cc.gatech.edu                             	1	0
lj1036.inktomisearch.com                          	7	0
lj1115.inktomisearch.com                          	1	0
lj1153.inktomisearch.com                          	2	0
prxint-sxb2.e-i.net                               	1	0
66.213.206.2                                      	1	0
pd9e761cf.dip.t-dialin.net                        	1	0
65-37-13-251.nrp2.roc.ny.frontiernet.net          	5	0
206-15-133-153.dialup.ziplink.net                 	1	0
l07v-1-17.d1.club-internet.fr                     	1	0
142.27.64.35                                      	7	0
c-24-20-163-223.client.comcast.net                	7	0
fw.kcm.org                                        	2	0
lj1160.inktomisearch.com                          	1	0
h24-71-236-129.ca.shawcable.net                   	51	0
barrie-ppp108371.sympatico.ca                     	4	0
lj1088.inktomisearch.com                          	1	0
pc-030-040.eco.rug.nl                             	1	0
10.0.0.153                                        	270	0
yongsan-cache.korea.army.mil                      	4	0
pd9eb1396.dip.t-dialin.net                        	1	0
212.21.228.26                                     	1	0
lordgun.org                                       	1	0
h24-70-56-49.ca.shawcable.net                     	7	1
61.165.64.6                                       	4	0
lj1024.inktomisearch.com                          	8	0
adsl-157-26-153.msy.bellsouth.net                 	2	0
d207-6-9-183.bchsia.telus.net                     	3	0
nb-bolz.cremona.polimi.it                         	1	0
lj1018.inktomisearch.com                          	1	0
lj1220.inktomisearch.com                          	1	0
66-194-6-79.gen.twtelecom.net                     	2	0
208.247.148.12                                    	4	0
ppp2.p33.is.com.ua                                	3	0
lj1031.inktomisearch.com                          	1	0
208-186-146-13.nrp3.brv.mn.frontiernet.net        	2	0
lj1123.inktomisearch.com                          	2	0
===========================================================

Error Summary
401 Errors: 123
404 Errors: 5
===========================================================
*ALERT* 112 unauthorized attempts from 64.242.88.10
==========================================================
